1790390015	radarr	delete	/srv/mediastack/data/media/.t	
1790390565	radarr	rename	/srv/mediastack/data/media/.a	/srv/mediastack/data/media/.b
1790390565	radarr	delete	/srv/mediastack/data/media/.b	
1790390565	radarr	delete	/srv/mediastack/data/media/.c	
1790391835	radarr	rename-over	/srv/mediastack/data/media/.o1	/srv/mediastack/data/media/.o2
1790391835	radarr	delete	/srv/mediastack/data/media/.x y/a b.mkv	
1790391835	radarr	rmdir	/srv/mediastack/data/media/.x y	
1790391835	radarr	delete	/srv/mediastack/data/media/.o2	
1790400000	operator (as root)	rmdir	/srv/mediastack/data/media/music/Old Album	
1790400000	deluge|transmission	delete	container:/data/torrent/a.mkv	
1790400000	uid 911 (unmapped)	delete	container:/media/movies/b.mkv	
1790400000	radarr	unparsed		
1790400000	operator	delete	(unknown folder)/orphan.mkv	
1790400000	operator	delete	/srv/mediastack/data/media/movies/Film/Subs/Subs.srt	
1790400000	operator	rmdir	/srv/mediastack/data/media/movies/Film/Subs	
1790400000	operator	rmdir	/srv/mediastack/data/media/movies/Film	
